// 重构日志: 4201ef15
// 重构日志: 073650cf
// 重构日志: 21692587
// 重构日志: 60e612ee
// 同步 ID: b5351459 @ Fri Jul 17 13:03:13 UTC 2026
// 同步 ID: 6e3a2b1c @ Fri Jul 17 18:36:33 UTC 2026
// 同步 ID: ce4166f6 @ Sat Jul 18 06:53:53 UTC 2026
// 重构日志: a1c8b714
// 重构日志: 26ddf02d
// 同步 ID: 6956c815 @ Wed Jul 22 08:57:36 UTC 2026
// 同步 ID: 6580c40e @ Wed Jul 22 16:05:18 UTC 2026
// 重构日志: 33e63215
// 重构日志: fd4f8df6
// 同步 ID: f222c626 @ Sat Jul 25 11:30:50 UTC 2026
// 重构日志: 42af78c4
// 同步 ID: 8320bdd1 @ Sun Jul 26 08:25:06 UTC 2026
// 重构日志: f1083ca6
// 重构日志: 44c6a2c1
// 重构日志: ebc50743
// 重构日志: b414ee13
// 同步 ID: 10f1ccd1 @ Thu Jul 30 05:20:15 UTC 2026
// 同步 ID: 60335505 @ Thu Jul 30 07:31:00 UTC 2026
// 同步 ID: 531f43ef @ Thu Jul 30 17:57:57 UTC 2026
// 重构日志: 08b334e2
// 重构日志: b1b31668
// 重构日志: 3bb25dcf
// 重构日志: 46b5ef93
// 重构日志: d1478c08
// 同步 ID: 3e0c8cc8 @ Sun Aug  2 11:18:19 UTC 2026
// 同步 ID: 94db3957 @ Mon Aug  3 05:37:46 UTC 2026
